Copyright 1986-2022 Xilinx, Inc. All Rights Reserved. Copyright 2022-2023 Advanced Micro Devices, Inc. All Rights Reserved.
---------------------------------------------------------------------------------------------------------------------------------------------------------------------------------------
| Tool Version : Vivado v.2023.1 (win64) Build 3865809 Sun May  7 15:05:29 MDT 2023
| Date         : Tue Sep 10 01:56:13 2024
| Host         : DESKTOP-C8C4U9T running 64-bit major release  (build 9200)
| Command      : report_bus_skew -warn_on_violation -file MicroBlaze_wrapper_bus_skew_routed.rpt -pb MicroBlaze_wrapper_bus_skew_routed.pb -rpx MicroBlaze_wrapper_bus_skew_routed.rpx
| Design       : MicroBlaze_wrapper
| Device       : 7s25-csga225
| Speed File   : -1  PRODUCTION 1.23 2018-06-13
| Design State : Routed
---------------------------------------------------------------------------------------------------------------------------------------------------------------------------------------

Bus Skew Report

No bus skew constraints

