#-----------------------------------------------------------
# Vivado v2024.2 (64-bit)
# SW Build 5239630 on Fri Nov 08 22:35:27 MST 2024
# IP Build 5239520 on Sun Nov 10 16:12:51 MST 2024
# SharedData Build 5239561 on Fri Nov 08 14:39:27 MST 2024
# Start of session at: Sat Feb 15 02:05:33 2025
# Process ID         : 35160
# Current directory  : C:/Cascade_hydrophones/WorkspaceOMDHydrophones/Hardware/HydroProccess/HydroProccess.runs/MicroBlaze_SPI_ADC_Master_0_1_synth_1
# Command line       : vivado.exe -log MicroBlaze_SPI_ADC_Master_0_1.vds -product Vivado -mode batch -messageDb vivado.pb -notrace -source MicroBlaze_SPI_ADC_Master_0_1.tcl
# Log file           : C:/Cascade_hydrophones/WorkspaceOMDHydrophones/Hardware/HydroProccess/HydroProccess.runs/MicroBlaze_SPI_ADC_Master_0_1_synth_1/MicroBlaze_SPI_ADC_Master_0_1.vds
# Journal file       : C:/Cascade_hydrophones/WorkspaceOMDHydrophones/Hardware/HydroProccess/HydroProccess.runs/MicroBlaze_SPI_ADC_Master_0_1_synth_1\vivado.jou
# Running On         : James
# Platform           : Windows Server 2016 or Windows 10
# Operating System   : 22631
# Processor Detail   : 13th Gen Intel(R) Core(TM) i7-13620H
# CPU Frequency      : 2918 MHz
# CPU Physical cores : 10
# CPU Logical cores  : 16
# Host memory        : 16780 MB
# Swap memory        : 10737 MB
# Total Virtual      : 27517 MB
# Available Virtual  : 9368 MB
#-----------------------------------------------------------
source MicroBlaze_SPI_ADC_Master_0_1.tcl -notrace
