#-----------------------------------------------------------
# Vivado v2024.1 (64-bit)
# SW Build 5076996 on Wed May 22 18:37:14 MDT 2024
# IP Build 5075265 on Wed May 22 21:45:21 MDT 2024
# SharedData Build 5076995 on Wed May 22 18:29:18 MDT 2024
# Start of session at: Sat Aug 24 00:29:10 2024
# Process ID: 17108
# Current directory: C:/Users/JamesWilliamson/Cascade_hydrophones/xCorr.sim/sim_1/behav/xsim
# Command line: vivado.exe -gui_launcher_event rodinguilauncherevent18748 C:\Users\JamesWilliamson\Cascade_hydrophones\xCorr.sim\sim_1\behav\xsim\TB_behav.wdb
# Log file: C:/Users/JamesWilliamson/Cascade_hydrophones/xCorr.sim/sim_1/behav/xsim/vivado.log
# Journal file: C:/Users/JamesWilliamson/Cascade_hydrophones/xCorr.sim/sim_1/behav/xsim\vivado.jou
# Running On        :DESKTOP-C8C4U9T
# Platform          :Windows Server 2016 or Windows 10
# Operating System  :19045
# Processor Detail  :11th Gen Intel(R) Core(TM) i7-11800H @ 2.30GHz
# CPU Frequency     :2304 MHz
# CPU Physical cores:8
# CPU Logical cores :16
# Host memory       :34046 MB
# Swap memory       :5100 MB
# Total Virtual     :39147 MB
# Available Virtual :21935 MB
#-----------------------------------------------------------
start_gui
open_wave_database {C:\Users\JamesWilliamson\Cascade_hydrophones\xCorr.sim\sim_1\behav\xsim\TB_behav.wdb}
