Nothing to build in platform 'MicroBlaze_wrapper'

22:14:06 **** Incremental Build of configuration Debug for project helloworld ****
make all 
make --no-print-directory pre-build
a9-linaro-pre-build-step
' '
make --no-print-directory main-build
'Building file: ../src/helloworld.c'
'Invoking: ARM v7 gcc compiler'
arm-none-eabi-gcc -Wall -O0 -g3 -c -fmessage-length=0 -MT"src/helloworld.o" -mcpu=cortex-a9 -mfpu=vfpv3 -mfloat-abi=hard -IC:/Cascade_hydrophones/WorkspaceOMDHydrophones/software/MicroBlaze_wrapper/export/MicroBlaze_wrapper/sw/MicroBlaze_wrapper/standalone_ps7_cortexa9_0/bspinclude/include -MMD -MP -MF"src/helloworld.d" -MT"src/helloworld.o" -o "src/helloworld.o" "../src/helloworld.c"
../src/helloworld.c:10: warning: "UART_DEVICE_ID" redefined
   10 | #define UART_DEVICE_ID  XPAR_XUARTPS_0_DEVICE_ID  // Adjust this to your UART instance
      | 
In file included from ../src/platform.h:36,
                 from ../src/helloworld.c:1:
../src/platform_config.h:5: note: this is the location of the previous definition
    5 | #define UART_DEVICE_ID 0
      | 
../src/helloworld.c: In function 'main':
../src/helloworld.c:111:35: warning: implicit declaration of function 'delayGetter' [-Wimplicit-function-declaration]
  111 |                         maxTime = delayGetter(maxTime,test1);
      |                                   ^~~~~~~~~~~
../src/helloworld.c:112:36: warning: implicit declaration of function 'delayGetter2' [-Wimplicit-function-declaration]
  112 |                         maxTime2 = delayGetter2(maxTime2,test2);
      |                                    ^~~~~~~~~~~~
../src/helloworld.c:129:25: warning: implicit declaration of function 'usleep' [-Wimplicit-function-declaration]
  129 |                         usleep(500000);
      |                         ^~~~~~
../src/helloworld.c:115:32: warning: unused variable 'solution' [-Wunused-variable]
  115 |                         double solution[2];
      |                                ^~~~~~~~
../src/helloworld.c:114:32: warning: unused variable 'j' [-Wunused-variable]
  114 |                         double j = maxTime2;
      |                                ^
../src/helloworld.c:113:32: warning: unused variable 'i' [-Wunused-variable]
  113 |                         double i = maxTime;
      |                                ^
../src/helloworld.c: In function 'delayGetter':
../src/helloworld.c:147:13: warning: unused variable 'MaxSignal' [-Wunused-variable]
  147 |         int MaxSignal = 0;
      |             ^~~~~~~~~
'Finished building: ../src/helloworld.c'
' '
'Building target: helloworld.elf'
'Invoking: ARM v7 gcc linker'
arm-none-eabi-gcc -mcpu=cortex-a9 -mfpu=vfpv3 -mfloat-abi=hard -Wl,-build-id=none -specs=Xilinx.spec -Xlinker -lm -Wl,-T -Wl,../src/lscript.ld -LC:/Cascade_hydrophones/WorkspaceOMDHydrophones/software/MicroBlaze_wrapper/export/MicroBlaze_wrapper/sw/MicroBlaze_wrapper/standalone_ps7_cortexa9_0/bsplib/lib -o "helloworld.elf"  ./src/helloworld.o ./src/platform.o   -lm -Wl,--start-group,-lxil,-lgcc,-lc,--end-group
'Finished building target: helloworld.elf'
' '
'Invoking: ARM v7 Print Size'
arm-none-eabi-size helloworld.elf  |tee "helloworld.elf.size"
   text	   data	    bss	    dec	    hex	filename
  69075	   2612	  22712	  94399	  170bf	helloworld.elf
'Finished building: helloworld.elf.size'
' '
