03:28:16 **** Incremental Build of configuration Debug for project testuart ****
make all 
make --no-print-directory pre-build
a9-linaro-pre-build-step
' '
make --no-print-directory main-build
'Building file: ../src/helloworld.c'
'Invoking: ARM v7 gcc compiler'
arm-none-eabi-gcc -Wall -O0 -g3 -c -fmessage-length=0 -MT"src/helloworld.o" -mcpu=cortex-a9 -mfpu=vfpv3 -mfloat-abi=hard -IC:/Cascade_hydrophones/WorkspaceOMDHydrophones/software/MicroBlaze_wrapper_1/export/MicroBlaze_wrapper_1/sw/MicroBlaze_wrapper_1/standalone_ps7_cortexa9_0/bspinclude/include -MMD -MP -MF"src/helloworld.d" -MT"src/helloworld.o" -o "src/helloworld.o" "../src/helloworld.c"
../src/helloworld.c:6: warning: "UART_DEVICE_ID" redefined
    6 | #define UART_DEVICE_ID  XPAR_XUARTPS_0_DEVICE_ID  // Adjust this to your UART instance
      | 
In file included from ../src/platform.h:36,
                 from ../src/helloworld.c:2:
../src/platform_config.h:5: note: this is the location of the previous definition
    5 | #define UART_DEVICE_ID 0
      | 
'Finished building: ../src/helloworld.c'
' '
'Building target: testuart.elf'
'Invoking: ARM v7 gcc linker'
arm-none-eabi-gcc -mcpu=cortex-a9 -mfpu=vfpv3 -mfloat-abi=hard -Wl,-build-id=none -specs=Xilinx.spec -Wl,-T -Wl,../src/lscript.ld -LC:/Cascade_hydrophones/WorkspaceOMDHydrophones/software/MicroBlaze_wrapper_1/export/MicroBlaze_wrapper_1/sw/MicroBlaze_wrapper_1/standalone_ps7_cortexa9_0/bsplib/lib -o "testuart.elf"  ./src/helloworld.o ./src/platform.o   -Wl,--start-group,-lxil,-lgcc,-lc,--end-group
'Finished building target: testuart.elf'
' '
'Invoking: ARM v7 Print Size'
arm-none-eabi-size testuart.elf  |tee "testuart.elf.size"
   text	   data	    bss	    dec	    hex	filename
  21558	   1160	  22648	  45366	   b136	testuart.elf
'Finished building: testuart.elf.size'
' '

03:28:17 Build Finished (took 655ms)

